{
    "prometheus": {
        "host": "prometheus:9090",
        "username": "admin",
        "password": "duuude",
        "instance": "moms_basement:6666"
    },
    "pushgateway": {
        "host": "pushgateway:9191",
        "username": "admin2",
        "password": "duuude2",
        "redis": "redis:6379"
    },
    "metrics": {
        "api": {
            "name": "orders",
            "type": "counter",
            "prefetch": true,
            "labels": [
                "order_id",
                "user_id"
            ]
        }
    }
}
