{
    "prometheus": {
        "host": "prometheus:9090",
        "instance": "moms_basement:6666",
        "username": null,
        "password": null
    },
    "pushgateway": {
        "host": "pushgateway:9191",
        "redis": "redis:6379",
        "username": null,
        "password": null
    },
    "metrics": []
}
